// Jest Snapshot v1, https://goo.gl/fbAQLP

exports[`List Element Rendering Female/Accessible should match to snapshot 1`] = `ShallowWrapper {}`;

exports[`List Element Rendering Female/Not Accessible should match to snapshot 1`] = `ShallowWrapper {}`;

exports[`List Element Rendering Male/Accessible should match to snapshot 1`] = `ShallowWrapper {}`;

exports[`List Element Rendering Male/Not Accessible should match to snapshot 1`] = `ShallowWrapper {}`;

exports[`List Element Rendering Neutral/Accessible should match to snapshot 1`] = `ShallowWrapper {}`;

exports[`List Element Rendering Neutral/Not Accessible should match to snapshot 1`] = `ShallowWrapper {}`;
